╔════════════════════════════════════════════════════════════════╗
║     ChatAFL-Enhanced 最终集成检查                               ║
╚════════════════════════════════════════════════════════════════╝

┌─ 检查1: 源代码集成 ─────────────────────────────────────────┐
  ✅ verifier.c (8645 bytes)
  ✅ cegar.c (8252 bytes)
  ✅ state-scheduler.c (9049 bytes)
  ✅ protocol-spec.h (2888 bytes)

  🔍 检查 afl-fuzz.c 集成点:
  ✅ verify_json_grammar 调用: 1 处
  ✅ verifier.h 头文件引入

  ✅ afl-fuzz 二进制: 1813264 bytes
  🔍 符号表检查:
    ✅ verify_json_grammar
    ✅ refine_hypothesis_with_cegar
    ✅ increment_state_count
└──────────────────────────────────────────────────────────────┘

┌─ 检查2: Benchmark同步 ───────────────────────────────────────┐
  ✅ DAAP/forked-daapd
  ✅ FTP/BFTPD
  ✅ FTP/LightFTP
  ✅ FTP/ProFTPD
  ✅ FTP/PureFTPD
  ✅ HTTP/Lighttpd1
  ✅ RTSP/Live555
  ✅ SIP/Kamailio
  ✅ SMTP/Exim

  📊 同步统计: 9/9 个目标
└──────────────────────────────────────────────────────────────┘

┌─ 检查3: Docker镜像 ──────────────────────────────────────────┐
  📦 Docker镜像数量: 9/9
  ✅ 所有镜像已构建

  🔍 检查 BFTPD 镜像内容:
  ✅ afl-fuzz 存在 (1809928 bytes)
  🔍 符号表:
    ✅ verify_json_grammar
    ✅ refine_hypothesis_with_cegar
    ✅ increment_state_count

  🔍 集成代码检查:
  ❌ verify_json_grammar 未集成到 afl-fuzz.c
  ⚠️  Docker镜像需要重新构建！
└──────────────────────────────────────────────────────────────┘

┌─ 检查4: API密钥配置 ─────────────────────────────────────────┐
  ✅ API密钥已配置: sk-ILojcXJTq7HKk5RJ2...
└──────────────────────────────────────────────────────────────┘

┌─ 检查5: 编译质量 ────────────────────────────────────────────┐
  🔨 重新编译检查...
./final-integration-check.sh: line 213: [: too many arguments
  ❌ 编译错误: 0
0
  ⚠️  编译警告: 4
└──────────────────────────────────────────────────────────────┘

╔════════════════════════════════════════════════════════════════╗
║                    检查结果汇总                                 ║
╠════════════════════════════════════════════════════════════════╣
║  ✅ 通过: 24                                                   
║  ⚠️  警告: 1                                                   
║  ❌ 失败: 2                                                   
╠════════════════════════════════════════════════════════════════╣
║  状态: ⚠️  需要注意，有部分失败                                 
║  评级: ★★★☆☆ (3/5)                                           
║  建议: 修复失败项后再实验                                      
║  通过率: 88%                                              
╚════════════════════════════════════════════════════════════════╝

⚠️  发现关键问题:

  🔧 问题: Docker镜像中的代码未包含最新集成
  📝 解决方案:
     1. 确保 ChatAFL-Enhanced/afl-fuzz.c 包含 verify_json_grammar 调用
     2. 重新运行: sudo KEY='your_key' ./setup.sh
     3. 等待15-20分钟完成Docker镜像重建

📋 下一步操作:

  1️⃣  修复上述失败项
  2️⃣  重新构建Docker镜像:
      cd /home/ckt/Documents/000_2026_dev/research_laboratory/ChatAFL-master
      sudo KEY='your_api_key' ./setup.sh
  3️⃣  重新运行此检查脚本
  4️⃣  开始实验测试

✅ 检查完成！详细报告已保存。
