{
  "status": "PASS",
  "bibliography_entries": 50,
  "actual_distinct_citations": 50,
  "new_references": 25,
  "years": {
    "1933": 1,
    "1947": 1,
    "1950": 1,
    "1958": 1,
    "1979": 1,
    "1993": 1,
    "1995": 1,
    "2006": 1,
    "2017": 1,
    "2020": 2,
    "2021": 3,
    "2022": 6,
    "2023": 8,
    "2024": 10,
    "2025": 4,
    "2026": 8
  },
  "references_2022_2026": 36,
  "recent_new_references_2022_2026": 24,
  "pages": 22,
  "internal_link_annotations": 101,
  "citation_link_annotations": 57,
  "distinct_linked_bibliography_entries": 50,
  "figure_table_destinations": 29,
  "figure_table_link_annotations": 36,
  "protected_blocks": {
    "abstract": 1,
    "keyword": 1,
    "table": 1,
    "table*": 13,
    "equation": 10,
    "align": 2,
    "algorithm": 1,
    "figure": 1,
    "figure*": 8
  },
  "protected_files_byte_identical": 192,
  "preexisting_link_only_file": [
    "vulnerability_section_20260929.tex"
  ],
  "abstract_words": 183,
  "keyword_count": 5,
  "raster_images": 0,
  "undefined_citations_or_references": 0,
  "duplicate_dois": 0,
  "duplicate_titles": 0,
  "overfull_boxes": 0,
  "nonfatal_layout_notices": [
    "LaTeX Warning: Text page 12 contains only floats.",
    "LaTeX Warning: Text page 12 contains only floats.",
    "LaTeX Warning: Text page 15 contains only floats."
  ],
  "bbox_xml_controls_removed": 3,
  "first_paper_sha256": "ca3d8b7ce23bcf2462fc9c85e40352b671eafa8986e0053edbc1e21deab4063b",
  "tex_sha256": "5d51c2dfd1b832d08fc0352e024e5cc552c891ed2c76faf6f6d796667c9d7018",
  "pdf_sha256": "3c44717917ef6b776b9a7545ecd5c51d77b97fe26fb517ca8188e25c22767734",
  "examples": {
    "fig:reliability": {
      "number": "4",
      "page": 12,
      "destination": "figure.4",
      "x": 38,
      "y": 568
    },
    "tab:logged_calibration": {
      "number": "12",
      "page": 12,
      "destination": "table.12",
      "x": 38,
      "y": 767
    }
  }
}
FLOAT_ONLY_PAGE_CONTENT [(12, ['tab:logged_calibration', 'fig:reliability']), (15, ['tab:mainresults', 'tab:mechanisms', 'tab:observed_costs', 'tab:repair'])]
PAGE_EXTENTS [{'page': 1, 'word_count': 643, 'top': 91.18, 'bottom': 780.25}, {'page': 2, 'word_count': 817, 'top': 84.46, 'bottom': 780.78}, {'page': 3, 'word_count': 430, 'top': 91.18, 'bottom': 780.78}, {'page': 4, 'word_count': 675, 'top': 91.18, 'bottom': 780.78}, {'page': 5, 'word_count': 593, 'top': 91.18, 'bottom': 780.78}, {'page': 6, 'word_count': 689, 'top': 84.46, 'bottom': 780.78}, {'page': 7, 'word_count': 612, 'top': 91.18, 'bottom': 780.78}, {'page': 8, 'word_count': 645, 'top': 91.18, 'bottom': 780.78}, {'page': 9, 'word_count': 619, 'top': 91.18, 'bottom': 780.78}, {'page': 10, 'word_count': 894, 'top': 81.44, 'bottom': 780.78}, {'page': 11, 'word_count': 508, 'top': 91.18, 'bottom': 780.78}, {'page': 12, 'word_count': 356, 'top': 91.18, 'bottom': 780.78}, {'page': 13, 'word_count': 910, 'top': 84.46, 'bottom': 780.78}, {'page': 14, 'word_count': 269, 'top': 85.51, 'bottom': 780.78}, {'page': 15, 'word_count': 474, 'top': 91.1, 'bottom': 780.78}, {'page': 16, 'word_count': 372, 'top': 82.35, 'bottom': 780.78}, {'page': 17, 'word_count': 628, 'top': 85.5, 'bottom': 780.78}, {'page': 18, 'word_count': 751, 'top': 91.18, 'bottom': 780.78}, {'page': 19, 'word_count': 556, 'top': 91.18, 'bottom': 780.78}, {'page': 20, 'word_count': 834, 'top': 82.84, 'bottom': 780.78}, {'page': 21, 'word_count': 1002, 'top': 85.13, 'bottom': 780.78}, {'page': 22, 'word_count': 370, 'top': 85.13, 'bottom': 780.78}]
