2026-09-22 05:57:09,941 e25b4afefc52 proftpd[210] e25b4afefc52 (localhost[127.0.0.1]): FTP session opened.
=================================================================
==210==ERROR: AddressSanitizer: heap-buffer-overflow on address 0x631000010820 at pc 0x0000004d687f bp 0x7fff213e8a70 sp 0x7fff213e8a68
READ of size 1 at 0x631000010820 thread T0
    #0 0x4d687e  (/home/ubuntu/experiments/proftpd/proftpd+0x4d687e)
    #1 0x4d3c10  (/home/ubuntu/experiments/proftpd/proftpd+0x4d3c10)
    #2 0x4e0602  (/home/ubuntu/experiments/proftpd/proftpd+0x4e0602)
    #3 0x4dd516  (/home/ubuntu/experiments/proftpd/proftpd+0x4dd516)
    #4 0x7f8b3ffd5082  (/lib/x86_64-linux-gnu/libc.so.6+0x24082)
    #5 0x42ba9d  (/home/ubuntu/experiments/proftpd/proftpd+0x42ba9d)

0x631000010820 is located 0 bytes to the right of 65568-byte region [0x631000000800,0x631000010820)
allocated by thread T0 here:
    #0 0x4a41dd  (/home/ubuntu/experiments/proftpd/proftpd+0x4a41dd)
    #1 0x4e83db  (/home/ubuntu/experiments/proftpd/proftpd+0x4e83db)
    #2 0x4e9969  (/home/ubuntu/experiments/proftpd/proftpd+0x4e9969)
    #3 0x4e9c5b  (/home/ubuntu/experiments/proftpd/proftpd+0x4e9c5b)
    #4 0x4d4d63  (/home/ubuntu/experiments/proftpd/proftpd+0x4d4d63)
    #5 0x4d3c10  (/home/ubuntu/experiments/proftpd/proftpd+0x4d3c10)
    #6 0x4e0602  (/home/ubuntu/experiments/proftpd/proftpd+0x4e0602)
    #7 0x4dd516  (/home/ubuntu/experiments/proftpd/proftpd+0x4dd516)
    #8 0x7f8b3ffd5082  (/lib/x86_64-linux-gnu/libc.so.6+0x24082)

SUMMARY: AddressSanitizer: heap-buffer-overflow (/home/ubuntu/experiments/proftpd/proftpd+0x4d687e) 
Shadow bytes around the buggy address:
  0x0c627fffa0b0: 00 00 00 00 00 00 00 00 00 00 00 00 00 00 00 00
  0x0c627fffa0c0: 00 00 00 00 00 00 00 00 00 00 00 00 00 00 00 00
  0x0c627fffa0d0: 00 00 00 00 00 00 00 00 00 00 00 00 00 00 00 00
